[2026-09-04T21:51:42Z] === Deploy started ===
[2026-09-04T21:51:42Z] Project: /home/mdupont/projects/pastebin-lean
[2026-09-04T21:51:42Z] Step 1: Git commit
[2026-09-04T21:51:42Z] Local commit verified: 58d78fe7aaf1aca7b85e182fc21e830a5cf5d36d
[2026-09-04T21:51:42Z] Step 2: System-manager switch
[2026-09-04T21:51:42Z] Building system-manager config...
warning: Git tree '/home/mdupont/projects/system-manager' is dirty
[2026-09-04T21:51:49Z] Built: /nix/store/3cd9gammi7gr8djm8z1fx0z8zaa0p323-system-manager
[2026-09-04T21:51:49Z] Activating (requires sudo)...
[2026-09-04T21:51:49Z INFO  system_manager_engine::activate] Activating system-manager profile: /nix/store/3cd9gammi7gr8djm8z1fx0z8zaa0p323-system-manager
[2026-09-04T21:51:49Z INFO  system_manager_engine::activate] Running pre-activation assertions...
Evaluating pre-activation assertion osVersion...

All pre-activation assertions succeeded.
[2026-09-04T21:51:49Z INFO  system_manager_engine::activate] Reading state info from /var/lib/system-manager/state/system-manager-state.json
[2026-09-04T21:51:49Z INFO  system_manager_engine::activate] Activating etc files...
[2026-09-04T21:51:49Z INFO  system_manager_engine::activate::etc_files] Reading etc file definitions...
[2026-09-04T21:51:49Z INFO  system_manager_engine::activate::etc_files] Creating /etc entries in /etc
[2026-09-04T21:51:49Z INFO  system_manager_engine::activate] Restarting sysinit-reactivation.target...
[2026-09-04T21:51:49Z INFO  system_manager_engine::activate::services] Reloading the systemd daemon...
[2026-09-04T21:51:49Z INFO  system_manager_engine::systemd] Waiting for jobs to finish...
[2026-09-04T21:51:49Z INFO  system_manager_engine::systemd] All jobs finished.
[2026-09-04T21:51:49Z INFO  system_manager_engine::activate::services] Restarting userborn.service to create users before tmpfiles...
[2026-09-04T21:51:49Z INFO  system_manager_engine::systemd] Waiting for jobs to finish...
[2026-09-04T21:51:49Z INFO  system_manager_engine::systemd] All jobs finished.
[2026-09-04T21:51:49Z INFO  system_manager_engine::activate::services] userborn.service completed
[2026-09-04T21:51:49Z INFO  system_manager_engine::activate] Activating tmp files...
[2026-09-04T21:51:49Z INFO  system_manager_engine::activate] Activating systemd services...
[2026-09-04T21:51:49Z INFO  system_manager_engine::activate::services] Reading new service definitions...
[2026-09-04T21:51:49Z INFO  system_manager_engine::systemd] Waiting for jobs to finish...
[2026-09-04T21:52:19Z ERROR system_manager_engine::activate] Error during activation: Timeout waiting for systemd jobs
[2026-09-04T21:52:19Z INFO  system_manager_engine::activate] Writing state info into file: /var/lib/system-manager/state/system-manager-state.json
[2026-09-04T21:52:19Z] Activation OK
[2026-09-04T21:52:19Z] Step 3: Restart services
[2026-09-04T21:52:20Z] Step 4: Verify
[2026-09-04T21:52:20Z] Verifying services...
[2026-09-04T21:52:20Z]   ⚠️  kant-zk-relay.service not active
[2026-09-04T21:52:20Z]   ✅ nginx.service
[2026-09-04T21:52:20Z] Verifying relay endpoint...
[2026-09-04T21:52:20Z]   ⚠️  Relay not responding on 8787
[2026-09-04T21:52:20Z] === Deploy complete ===
