[2026-09-04T23:40:51Z] === Deploy started ===
[2026-09-04T23:40:51Z] Project: /home/mdupont/projects/pastebin-lean
[2026-09-04T23:40:51Z] Step 1: Git commit
[2026-09-04T23:40:51Z] Local commit verified: c020682cd4fb20a80096baeda13be52ad73b8bfb
[2026-09-04T23:40:51Z] Step 2: System-manager switch
[2026-09-04T23:40:51Z] Building system-manager config...
warning: Git tree '/home/mdupont/projects/system-manager' is dirty
[2026-09-04T23:40:57Z] Built: /nix/store/v8h645rxqvqyy1w905fj1l8w6cy7zk6f-system-manager
[2026-09-04T23:40:57Z] Activating (requires sudo)...
[2026-09-04T23:40:57Z INFO  system_manager_engine::activate] Activating system-manager profile: /nix/store/v8h645rxqvqyy1w905fj1l8w6cy7zk6f-system-manager
[2026-09-04T23:40:57Z INFO  system_manager_engine::activate] Running pre-activation assertions...
Evaluating pre-activation assertion osVersion...

All pre-activation assertions succeeded.
[2026-09-04T23:40:57Z INFO  system_manager_engine::activate] Reading state info from /var/lib/system-manager/state/system-manager-state.json
[2026-09-04T23:40:57Z INFO  system_manager_engine::activate] Activating etc files...
[2026-09-04T23:40:57Z INFO  system_manager_engine::activate::etc_files] Reading etc file definitions...
[2026-09-04T23:40:57Z INFO  system_manager_engine::activate::etc_files] Creating /etc entries in /etc
[2026-09-04T23:40:57Z INFO  system_manager_engine::activate] Restarting sysinit-reactivation.target...
[2026-09-04T23:40:57Z INFO  system_manager_engine::activate::services] Reloading the systemd daemon...
[2026-09-04T23:40:57Z INFO  system_manager_engine::systemd] Waiting for jobs to finish...
[2026-09-04T23:40:57Z INFO  system_manager_engine::systemd] All jobs finished.
[2026-09-04T23:40:57Z INFO  system_manager_engine::activate::services] Restarting userborn.service to create users before tmpfiles...
[2026-09-04T23:40:57Z INFO  system_manager_engine::systemd] Waiting for jobs to finish...
[2026-09-04T23:40:57Z INFO  system_manager_engine::systemd] All jobs finished.
[2026-09-04T23:40:57Z INFO  system_manager_engine::activate::services] userborn.service completed
[2026-09-04T23:40:57Z INFO  system_manager_engine::activate] Activating tmp files...
[2026-09-04T23:40:57Z INFO  system_manager_engine::activate] Activating systemd services...
[2026-09-04T23:40:57Z INFO  system_manager_engine::activate::services] Reading new service definitions...
[2026-09-04T23:40:57Z INFO  system_manager_engine::systemd] Waiting for jobs to finish...
[2026-09-04T23:41:11Z INFO  system_manager_engine::systemd] All jobs finished.
[2026-09-04T23:41:11Z INFO  system_manager_engine::activate::services] Done
[2026-09-04T23:41:11Z INFO  system_manager_engine::activate] Writing state info into file: /var/lib/system-manager/state/system-manager-state.json
[2026-09-04T23:41:11Z] Activation OK
[2026-09-04T23:41:11Z] Step 3: Restart services
[2026-09-04T23:41:12Z] Step 4: Verify
[2026-09-04T23:41:12Z] Verifying services...
[2026-09-04T23:41:12Z]   ✅ kant-zk-relay.service
[2026-09-04T23:41:12Z]   ✅ nginx.service
[2026-09-04T23:41:12Z] Verifying relay endpoint...
[2026-09-04T23:41:12Z]   ✅ Relay health: {"ok":true,"name":"kant-zk-relay","version":"1.0.0","rooms":0,"lines":0,"sockets":0}
[2026-09-04T23:41:12Z] === Deploy complete ===
