[2026-09-04T21:47:21Z] Building system-manager config...
warning: Git tree '/home/mdupont/projects/system-manager' is dirty
these 11 derivations will be built:
  /nix/store/7xll8nlqysiqpmc5nmaysqiv6qvhdnq7-unit-kant-zk-relay.service.drv
  /nix/store/abwxdq3x8fsslrk1vm5mp9f33kl42f60-unit-aristotle-alias-web.service.drv
  /nix/store/8q9ffc731mi261fnjpfxlqcj4zrhc7k5-nginx.conf.drv
  /nix/store/jw9ci0p3ipdsfdg5dq2jk0mp6qbmrp6k-unit-script-nginx-pre-start.drv
  /nix/store/i64a8ggnrx2nkn2wjp06h400hjvzyq1k-unit-nginx.service.drv
  /nix/store/jn1lkcz2kqiamk13i0wg7dc7fxcgpigm-system-manager-units.drv
  /nix/store/pxjnq5lm4175753g8jxkxrqcf1akhf4a-systemd-system-etc-link.drv
  /nix/store/vcig72cqrpd8vrsag4prz6cl2dfypfw4-etc-static-env.drv
  /nix/store/8ajpbws1n7l2z64070s5ysp9gxn5wjql-etcFiles.drv
  /nix/store/ipi94rg6adz9bs48a35mc0bbf9w57w83-services.drv
  /nix/store/qmncgc4xpdisa93ga02k0f2qs69lyhnk-system-manager.drv
building '/nix/store/abwxdq3x8fsslrk1vm5mp9f33kl42f60-unit-aristotle-alias-web.service.drv'...
building '/nix/store/8q9ffc731mi261fnjpfxlqcj4zrhc7k5-nginx.conf.drv'...
building '/nix/store/7xll8nlqysiqpmc5nmaysqiv6qvhdnq7-unit-kant-zk-relay.service.drv'...
building '/nix/store/jw9ci0p3ipdsfdg5dq2jk0mp6qbmrp6k-unit-script-nginx-pre-start.drv'...
building '/nix/store/i64a8ggnrx2nkn2wjp06h400hjvzyq1k-unit-nginx.service.drv'...
building '/nix/store/ipi94rg6adz9bs48a35mc0bbf9w57w83-services.drv'...
building '/nix/store/jn1lkcz2kqiamk13i0wg7dc7fxcgpigm-system-manager-units.drv'...
building '/nix/store/pxjnq5lm4175753g8jxkxrqcf1akhf4a-systemd-system-etc-link.drv'...
building '/nix/store/vcig72cqrpd8vrsag4prz6cl2dfypfw4-etc-static-env.drv'...
building '/nix/store/8ajpbws1n7l2z64070s5ysp9gxn5wjql-etcFiles.drv'...
building '/nix/store/qmncgc4xpdisa93ga02k0f2qs69lyhnk-system-manager.drv'...
[2026-09-04T21:49:46Z] Built: /nix/store/3cd9gammi7gr8djm8z1fx0z8zaa0p323-system-manager
[2026-09-04T21:49:46Z] Activating (requires sudo)...
[2026-09-04T21:49:47Z INFO  system_manager_engine::activate] Activating system-manager profile: /nix/store/3cd9gammi7gr8djm8z1fx0z8zaa0p323-system-manager
[2026-09-04T21:49:47Z INFO  system_manager_engine::activate] Running pre-activation assertions...
Evaluating pre-activation assertion osVersion...

All pre-activation assertions succeeded.
[2026-09-04T21:49:47Z INFO  system_manager_engine::activate] Reading state info from /var/lib/system-manager/state/system-manager-state.json
[2026-09-04T21:49:47Z INFO  system_manager_engine::activate] Activating etc files...
[2026-09-04T21:49:47Z INFO  system_manager_engine::activate::etc_files] Reading etc file definitions...
[2026-09-04T21:49:47Z INFO  system_manager_engine::activate::etc_files] Creating /etc entries in /etc
[2026-09-04T21:49:47Z INFO  system_manager_engine] Removing symlink: /etc/systemd/system/goap-planner-tile.service
[2026-09-04T21:49:47Z INFO  system_manager_engine::activate] Restarting sysinit-reactivation.target...
[2026-09-04T21:49:47Z INFO  system_manager_engine::activate::services] Reloading the systemd daemon...
[2026-09-04T21:49:47Z INFO  system_manager_engine::systemd] Waiting for jobs to finish...
[2026-09-04T21:49:47Z INFO  system_manager_engine::systemd] All jobs finished.
[2026-09-04T21:49:47Z INFO  system_manager_engine::activate::services] Restarting userborn.service to create users before tmpfiles...
[2026-09-04T21:49:47Z INFO  system_manager_engine::systemd] Waiting for jobs to finish...
[2026-09-04T21:49:47Z INFO  system_manager_engine::systemd] All jobs finished.
[2026-09-04T21:49:47Z INFO  system_manager_engine::activate::services] userborn.service completed
[2026-09-04T21:49:47Z INFO  system_manager_engine::activate] Activating tmp files...
[2026-09-04T21:49:47Z INFO  system_manager_engine::activate] Activating systemd services...
[2026-09-04T21:49:47Z INFO  system_manager_engine::activate::services] Reading new service definitions...
[2026-09-04T21:49:47Z INFO  system_manager_engine::systemd] Waiting for jobs to finish...
[2026-09-04T21:49:47Z INFO  system_manager_engine::systemd] All jobs finished.
[2026-09-04T21:49:47Z INFO  system_manager_engine::systemd] Waiting for jobs to finish...
[2026-09-04T21:50:17Z ERROR system_manager_engine::activate] Error during activation: Timeout waiting for systemd jobs
[2026-09-04T21:50:17Z INFO  system_manager_engine::activate] Writing state info into file: /var/lib/system-manager/state/system-manager-state.json
[2026-09-04T21:50:17Z] Activation OK
