    Checking arrow-data v53.4.1
   Compiling openssl-sys v0.9.117
    Checking icu_locale_core v2.2.0
    Checking icu_collections v2.2.0
    Checking zstd v0.13.3
    Checking rustls-webpki v0.101.7
    Checking sct v0.7.1
    Checking rustls-webpki v0.103.13
    Checking toml_edit v0.22.27
    Checking multihash-derive v0.9.3 (registry `nora`)
    Checking ignore v0.4.31
   Compiling utoipa-swagger-ui v6.0.0
   Compiling darling v0.20.11
    Checking lattice-slh-dsa v0.3.3
    Checking dilithium-rs v0.2.0
    Checking lattice-kyber v0.1.2
    Checking falcon-rs v0.2.5
    Checking bumpalo v3.20.3
    Checking jiff-core v0.1.0
    Checking either v1.17.0
    Checking unsafe-libyaml v0.2.11
    Checking openssl-probe v0.1.6
    Checking deunicode v1.6.2
    Checking ucd-trie v0.1.7
warning: openssl-sys@0.9.117: In file included from /usr/include/openssl/opensslv.h:109,
warning: openssl-sys@0.9.117:                  from build/expando.c:1:
warning: openssl-sys@0.9.117: /usr/include/openssl/macros.h:14:10: fatal error: openssl/opensslconf.h: No such file or directory
warning: openssl-sys@0.9.117:    14 | #include <openssl/opensslconf.h>
warning: openssl-sys@0.9.117:       |          ^~~~~~~~~~~~~~~~~~~~~~~
warning: openssl-sys@0.9.117: compilation terminated.
error: failed to run custom build command for `openssl-sys v0.9.117`

Caused by:
  process didn't exit successfully: `/mnt/data1/kant/pastebin/target/debug/build/openssl-sys-59d9a3ff5170add0/build-script-main` (exit status: 101)
  --- stdout
  cargo:rustc-check-cfg=cfg(osslconf, values("OPENSSL_NO_OCB", "OPENSSL_NO_SM4", "OPENSSL_NO_SEED", "OPENSSL_NO_CHACHA", "OPENSSL_NO_CAST", "OPENSSL_NO_IDEA", "OPENSSL_NO_CAMELLIA", "OPENSSL_NO_RC4", "OPENSSL_NO_BF", "OPENSSL_NO_PSK", "OPENSSL_NO_DEPRECATED_3_0", "OPENSSL_NO_SCRYPT", "OPENSSL_NO_SM3", "OPENSSL_NO_RMD160", "OPENSSL_NO_EC2M", "OPENSSL_NO_OCSP", "OPENSSL_NO_CMS", "OPENSSL_NO_COMP", "OPENSSL_NO_SOCK", "OPENSSL_NO_STDIO", "OPENSSL_NO_EC", "OPENSSL_NO_SSL3_METHOD", "OPENSSL_NO_KRB5", "OPENSSL_NO_TLSEXT", "OPENSSL_NO_SRP", "OPENSSL_NO_SRTP", "OPENSSL_NO_RFC3779", "OPENSSL_NO_SHA", "OPENSSL_NO_NEXTPROTONEG", "OPENSSL_NO_ENGINE", "OPENSSL_NO_BUF_FREELISTS", "OPENSSL_NO_RC2"))
  cargo:rustc-check-cfg=cfg(openssl)
  cargo:rustc-check-cfg=cfg(libressl)
  cargo:rustc-check-cfg=cfg(boringssl)
  cargo:rustc-check-cfg=cfg(awslc)
  cargo:rustc-check-cfg=cfg(awslc_pregenerated)
  cargo:rustc-check-cfg=cfg(libressl250)
  cargo:rustc-check-cfg=cfg(libressl251)
  cargo:rustc-check-cfg=cfg(libressl252)
  cargo:rustc-check-cfg=cfg(libressl261)
  cargo:rustc-check-cfg=cfg(libressl270)
  cargo:rustc-check-cfg=cfg(libressl271)
  cargo:rustc-check-cfg=cfg(libressl273)
  cargo:rustc-check-cfg=cfg(libressl280)
  cargo:rustc-check-cfg=cfg(libressl281)
  cargo:rustc-check-cfg=cfg(libressl291)
  cargo:rustc-check-cfg=cfg(libressl310)
  cargo:rustc-check-cfg=cfg(libressl321)
  cargo:rustc-check-cfg=cfg(libressl332)
  cargo:rustc-check-cfg=cfg(libressl340)
  cargo:rustc-check-cfg=cfg(libressl350)
  cargo:rustc-check-cfg=cfg(libressl360)
  cargo:rustc-check-cfg=cfg(libressl361)
  cargo:rustc-check-cfg=cfg(libressl370)
  cargo:rustc-check-cfg=cfg(libressl380)
  cargo:rustc-check-cfg=cfg(libressl381)
  cargo:rustc-check-cfg=cfg(libressl382)
  cargo:rustc-check-cfg=cfg(libressl390)
  cargo:rustc-check-cfg=cfg(libressl400)
  cargo:rustc-check-cfg=cfg(libressl410)
  cargo:rustc-check-cfg=cfg(libressl420)
  cargo:rustc-check-cfg=cfg(libressl430)
  cargo:rustc-check-cfg=cfg(ossl101)
  cargo:rustc-check-cfg=cfg(ossl102)
  cargo:rustc-check-cfg=cfg(ossl102f)
  cargo:rustc-check-cfg=cfg(ossl102h)
  cargo:rustc-check-cfg=cfg(ossl110)
  cargo:rustc-check-cfg=cfg(ossl110f)
  cargo:rustc-check-cfg=cfg(ossl110g)
  cargo:rustc-check-cfg=cfg(ossl110h)
  cargo:rustc-check-cfg=cfg(ossl111)
  cargo:rustc-check-cfg=cfg(ossl111b)
  cargo:rustc-check-cfg=cfg(ossl111c)
  cargo:rustc-check-cfg=cfg(ossl111d)
  cargo:rustc-check-cfg=cfg(ossl300)
  cargo:rustc-check-cfg=cfg(ossl310)
  cargo:rustc-check-cfg=cfg(ossl320)
  cargo:rustc-check-cfg=cfg(ossl330)
  cargo:rustc-check-cfg=cfg(ossl340)
  cargo:rustc-check-cfg=cfg(ossl400)
  cargo:rerun-if-env-changed=X86_64_UNKNOWN_LINUX_GNU_OPENSSL_LIB_DIR
  X86_64_UNKNOWN_LINUX_GNU_OPENSSL_LIB_DIR unset
  cargo:rerun-if-env-changed=OPENSSL_LIB_DIR
  OPENSSL_LIB_DIR unset
  cargo:rerun-if-env-changed=X86_64_UNKNOWN_LINUX_GNU_OPENSSL_INCLUDE_DIR
  X86_64_UNKNOWN_LINUX_GNU_OPENSSL_INCLUDE_DIR unset
  cargo:rerun-if-env-changed=OPENSSL_INCLUDE_DIR
  OPENSSL_INCLUDE_DIR unset
  cargo:rerun-if-env-changed=X86_64_UNKNOWN_LINUX_GNU_OPENSSL_DIR
  X86_64_UNKNOWN_LINUX_GNU_OPENSSL_DIR unset
  cargo:rerun-if-env-changed=OPENSSL_DIR
  OPENSSL_DIR unset
  cargo:rerun-if-env-changed=OPENSSL_NO_PKG_CONFIG
  cargo:rerun-if-env-changed=PKG_CONFIG_x86_64-unknown-linux-gnu
  cargo:rerun-if-env-changed=PKG_CONFIG_x86_64_unknown_linux_gnu
  cargo:rerun-if-env-changed=HOST_PKG_CONFIG
  cargo:rerun-if-env-changed=PKG_CONFIG
  cargo:rerun-if-env-changed=OPENSSL_STATIC
  cargo:rerun-if-env-changed=OPENSSL_DYNAMIC
  cargo:rerun-if-env-changed=PKG_CONFIG_ALL_STATIC
  cargo:rerun-if-env-changed=PKG_CONFIG_ALL_DYNAMIC
  cargo:rerun-if-env-changed=PKG_CONFIG_PATH_x86_64-unknown-linux-gnu
  cargo:rerun-if-env-changed=PKG_CONFIG_PATH_x86_64_unknown_linux_gnu
  cargo:rerun-if-env-changed=HOST_PKG_CONFIG_PATH
  cargo:rerun-if-env-changed=PKG_CONFIG_PATH
  cargo:rerun-if-env-changed=PKG_CONFIG_LIBDIR_x86_64-unknown-linux-gnu
  cargo:rerun-if-env-changed=PKG_CONFIG_LIBDIR_x86_64_unknown_linux_gnu
  cargo:rerun-if-env-changed=HOST_PKG_CONFIG_LIBDIR
  cargo:rerun-if-env-changed=PKG_CONFIG_LIBDIR
  cargo:rerun-if-env-changed=PKG_CONFIG_SYSROOT_DIR_x86_64-unknown-linux-gnu
  cargo:rerun-if-env-changed=PKG_CONFIG_SYSROOT_DIR_x86_64_unknown_linux_gnu
  cargo:rerun-if-env-changed=HOST_PKG_CONFIG_SYSROOT_DIR
  cargo:rerun-if-env-changed=PKG_CONFIG_SYSROOT_DIR
  cargo:rerun-if-env-changed=PKG_CONFIG_SYSROOT_DIR
  cargo:rerun-if-env-changed=SYSROOT
  cargo:rerun-if-env-changed=OPENSSL_STATIC
  cargo:rerun-if-env-changed=OPENSSL_DYNAMIC
  cargo:rerun-if-env-changed=PKG_CONFIG_ALL_STATIC
  cargo:rerun-if-env-changed=PKG_CONFIG_ALL_DYNAMIC
  cargo:rustc-link-lib=ssl
  cargo:rustc-link-lib=crypto
  cargo:rerun-if-env-changed=PKG_CONFIG_x86_64-unknown-linux-gnu
  cargo:rerun-if-env-changed=PKG_CONFIG_x86_64_unknown_linux_gnu
  cargo:rerun-if-env-changed=HOST_PKG_CONFIG
  cargo:rerun-if-env-changed=PKG_CONFIG
  cargo:rerun-if-env-changed=OPENSSL_STATIC
  cargo:rerun-if-env-changed=OPENSSL_DYNAMIC
  cargo:rerun-if-env-changed=PKG_CONFIG_ALL_STATIC
  cargo:rerun-if-env-changed=PKG_CONFIG_ALL_DYNAMIC
  cargo:rerun-if-env-changed=PKG_CONFIG_PATH_x86_64-unknown-linux-gnu
  cargo:rerun-if-env-changed=PKG_CONFIG_PATH_x86_64_unknown_linux_gnu
  cargo:rerun-if-env-changed=HOST_PKG_CONFIG_PATH
  cargo:rerun-if-env-changed=PKG_CONFIG_PATH
  cargo:rerun-if-env-changed=PKG_CONFIG_LIBDIR_x86_64-unknown-linux-gnu
  cargo:rerun-if-env-changed=PKG_CONFIG_LIBDIR_x86_64_unknown_linux_gnu
  cargo:rerun-if-env-changed=HOST_PKG_CONFIG_LIBDIR
  cargo:rerun-if-env-changed=PKG_CONFIG_LIBDIR
  cargo:rerun-if-env-changed=PKG_CONFIG_SYSROOT_DIR_x86_64-unknown-linux-gnu
  cargo:rerun-if-env-changed=PKG_CONFIG_SYSROOT_DIR_x86_64_unknown_linux_gnu
  cargo:rerun-if-env-changed=HOST_PKG_CONFIG_SYSROOT_DIR
  cargo:rerun-if-env-changed=PKG_CONFIG_SYSROOT_DIR
  cargo:rerun-if-changed=build/expando.c
  cargo:rerun-if-env-changed=CC_x86_64-unknown-linux-gnu
  CC_x86_64-unknown-linux-gnu = None
  cargo:rerun-if-env-changed=CC_x86_64_unknown_linux_gnu
  CC_x86_64_unknown_linux_gnu = None
  cargo:rerun-if-env-changed=HOST_CC
  HOST_CC = None
  cargo:rerun-if-env-changed=CC
  CC = None
  cargo:rerun-if-env-changed=CC_ENABLE_DEBUG_OUTPUT
  cargo:rerun-if-env-changed=CRATE_CC_NO_DEFAULTS
  CRATE_CC_NO_DEFAULTS = None
  cargo:rerun-if-env-changed=CFLAGS
  CFLAGS = None
  cargo:rerun-if-env-changed=HOST_CFLAGS
  HOST_CFLAGS = None
  cargo:rerun-if-env-changed=CFLAGS_x86_64_unknown_linux_gnu
  CFLAGS_x86_64_unknown_linux_gnu = None
  cargo:rerun-if-env-changed=CFLAGS_x86_64-unknown-linux-gnu
  CFLAGS_x86_64-unknown-linux-gnu = None
  cargo:warning=In file included from /usr/include/openssl/opensslv.h:109,
  cargo:warning=                 from build/expando.c:1:
  cargo:warning=/usr/include/openssl/macros.h:14:10: fatal error: openssl/opensslconf.h: No such file or directory
  cargo:warning=   14 | #include <openssl/opensslconf.h>
  cargo:warning=      |          ^~~~~~~~~~~~~~~~~~~~~~~
  cargo:warning=compilation terminated.

  --- stderr

  thread 'main' (571086) panicked at /home/mdupont/.cargo/registry/src/index.crates.io-1949cf8c6b5b557f/openssl-sys-0.9.117/build/main.rs:320:13:

  Header expansion error:
  Error { kind: ToolExecError, message: "command did not execute successfully (status code exit status: 1): LC_ALL=\"C\" \"cc\" \"-O0\" \"-ffunction-sections\" \"-fdata-sections\" \"-fPIC\" \"-g\" \"-gdwarf-4\" \"-fno-omit-frame-pointer\" \"-m64\" \"-I\" \"/usr/include\" \"-Wall\" \"-Wextra\" \"-E\" \"build/expando.c\"" }

  Failed to find OpenSSL development headers.

  You can try fixing this setting the `OPENSSL_DIR` environment variable
  pointing to your OpenSSL installation or installing OpenSSL headers package
  specific to your distribution:

      # On Ubuntu
      sudo apt-get install pkg-config libssl-dev
      # On Arch Linux
      sudo pacman -S pkgconf openssl
      # On Fedora
      sudo dnf install pkgconf perl-FindBin perl-IPC-Cmd openssl-devel
      # On Alpine Linux
      apk add pkgconf openssl-dev

  See rust-openssl documentation for more information:

      https://docs.rs/openssl

  note: run with `RUST_BACKTRACE=1` environment variable to display a backtrace
warning: build failed, waiting for other jobs to finish...
